random1 = c27d031fce09ad26525e107021c1038062c9e05672065bce1139a9ae583d9cd70319e9a68d1f4da2cf24099af05ab1a910c781035864ab7e45337199cfa7ece05111d3604215feac555e847148dcf47fa8361746ce162201edbb83f4f753ad9933f9c618f86e15ff28eecdddbcaacd2ff212c236141b2edc5e5b91f2a95f89af5070eed9652f2857963801cff9f21d6a08f8c1480270009ebde555a00dcc60b0688cba89950aeeac8a0806922ea1baae494e1bc1be7920fa6c9b980a80f374a5ea53f3e10ffeef047bea388949fc0b66252d25c8775dd01a03a27528a4c801993129e581e3c4d77ecca9efaf27047d7eec025f6f0601d469a93f5be5cbac10b773a392a3d0a167ec76637014974fe6808e88b9b8fbd51dfbad7192d1edad971b11404f96849cc88dab07b21ff14d5d528d60c3bb7ad4b1ddc3e6b082df9d89b020d276db81676ffcf6521b2bab33c404b27f15f5547ee4a37654680fb331afb256a6cd83146a5baf70a6a5a455c7ead49493f7aa85d4afde951f33f44a99c49ea1e3f568b70735c46dce20460150d2c96aa0849cd5b7062253fdb11ba4a7e046fe24ccd3c87bbebe3351c10a8b6fb4b1e2dd46803782982970cf9805fa2a8540d9f910ea4e360a342a320cce34101472fdc258ba339038e464da6bc20b79df5fc6ae27762a7315d3b342d99eca5d23c5ce2f1ba800bdb68882a6b520e31037e8c1e1ea3444334ed6ec3913994344b714009b9cc816d57d5a74e1cbfe3f038f0def48f43ef81983a872068f60e808ed75997d23e4896faba5542738bd403b3d5fc33f64d606d376e936f89a60cf0ad417ba0f9cd4bb70287437e9f7d63572432d859473dadd9b8c51a8813e3e734968288afdb22a5779c1f6ccc681cf2332f634096f4d40088bdee97270a7d7c04d7b367001b7c154da3f69734fd91590710e54af97f4e03b80c800ccef3282b519aaa4a76f9cb06d6746211be6ca8ac910b3b0bb799ae185dbc92c8ac2d91f0c6e5bc7095e41ebd2b3217648ba62616a3820f282154ab2787f26c47c47bb099810b65e862ed44b9d47ac87d693d2f87295834274310f337b15a4d7b33d91ffefa7b3dfec270327db4b46a5e0e1cdc072e5d0a2e8392a2bede194ee715070785f1d1cb6a5bcd2f13b4aa644541b9e6336bbb87d88bead71858dfc4c211589865faf08c8cc9ba47728dc8d2ebc3fb6d9c434b8ad7f99fbc14124fb5ffaa24fb0c7650bb19e5e17379fb58579d3b41a007e3783f68cf523a9b1fbbbab2e40c9aa8049f4e2a609c4adc528b904792121e139bbf340980adc38ac32f9538790cad55351b46faae28a0c8d5a995d55e254694102901556c9ce648da6803c6480d5ad0e567ace44d88f5d45cc02e55f81b011d2c2188cd6e89aa6a7cffed6a14a8dbb592e4f386b5a7204d6a0d56cb0844c8df76f7697
random2 = 9d87e8e1b4b74803357d0cc36ca668584c2bba571cb38f66fba3a2d03f897fcf392fd2f88184d330ca03e85b7c4531269849864ee6bc61d81501b7a5796377a73aa6c594b9b37f0e7c130acfac926a329d742ca0bf9edbc39d5bb64dffbbd81467be1fab250eaedbeff79bb2a697584a0b14626833d06f92dbdddd6bc12d6caba725d1eae4a899b4fd75b9bbd9ed05cca9f96c7cc41ae236f3c904f0d9ee4c83111e8dc2bf520a30bcfb2afb8943f61cfd4ef9364dab069276b282f831e1abad31048926ca3cccaa7406998620c941b1ded73d623c0659462e13bf68c0ceafbd5a23afb402b2477297e431182d964cd57cc494b26886af5037964467df5b2f0f981a5aaac9a1718b5b00c174adb0d4de383eb46ffb0ecffc4a432822b9af3d21e7b5b10b7e221978ffb47d058f33456518bc647f78d5e3f5e2850957a12f83b9a0c5a8736b509336eced539c9c0faeb37285f90bb12e3499ef9aaae8c5de67ac2e5b374dffe4e1c5c3f14c4cd8905c7a7db03ac69dbdcf627c2bd4f98dda671dd0da9b70495e476fdba17894665ee2c3f8bb9e5d015b0ee727ddf85115d5833fd13633afd2dd4d5bfa751c9a4b7e937c77939cb72f057714ad94a112d28b578ce265306b415339280748fd20977967f5b04ff92d93e994fe3fd4b887bb8fb7c8cd16af9877532e49df4ee3b7132fed5920d5fc5aeda6784f4371af614d1502f036c1519c53bec2a79303050562b1b929cf705254607486c550fbb40fb7445262929bb4ef8ed658c9e4a825ca0d3e796e5e681a5ce19c2c8880a44c78f205add4c8092a790f7a8d2fbae663d32ac0640317a9735e43369ed680247789330a372910a7ce356f8eafd8776972315bb83794589f22f21770cb1b7c17f25861da3fd142398a85ba357865da0684e916eade4d078deb78ccd5442c27d4e4973eb582d2d55fd5877c64f234a61dcc11a828afa5a52ddea02ad8001c09a60fc7a14bd7118486722db6bf3a54dded4691a7937c3cb546395fc99e49954216f203aaee05985a25ea284022c72dd0a156f030c6a2604b9332ab5324c35f77674836321bcd263f8c2176558d83e23cc00d0fa4d438e9536ab7e574067baeeaeda20b2af5f8ee0821e5ff7949a50c286da61b19d8c32cca7ce1459989731cedd2852a297a6b65637413747b47286a62cf4eabfb5308acbf2d593769f0e8d148945556f1fcfdc7cadd8a6e0c0e174ddb301610d201c7b78b079c2270ac5737fe4771d9bab5257dcf5cca173af2f374c6f68e4658189f1aff3bb81c99e56dc69d14249b07d36c2f73adcb5fa1b71b629a0957b571bf6af13c12983056b6263c9c484b0778c3c1eb1261399644e942eb54479461af9397d7413822a4f267304b1dafc32744ef543a3f3442e05d70c727ac1afb846454aa50d2d979349c508f46981c297672ee78a1
